// Jest Snapshot v1, https://goo.gl/fbAQLP

exports[`VotingSection component renders snapshots 1`] = `ShallowWrapper {}`;

exports[`home page renders snapshots 1`] = `ShallowWrapper {}`;
