// Jest Snapshot v1, https://goo.gl/fbAQLP

exports[`VotingChart component renders snapshots 1`] = `ShallowWrapper {}`;
