// Jest Snapshot v1, https://goo.gl/fbAQLP

exports[`home page renders snapshots 1`] = `ShallowWrapper {}`;
